[2026-09-21 21:01:40,736] DESKTOP-2G72T6F/INFO/locust.main: Starting Locust 2.46.4
[2026-09-21 21:01:40,765] DESKTOP-2G72T6F/INFO/locust.main: Run time limit set to 600 seconds
[2026-09-21 21:01:40,766] DESKTOP-2G72T6F/INFO/locust.runners: Ramping to 200 users at a rate of 1.00 per second
[2026-09-21 21:05:00,773] DESKTOP-2G72T6F/INFO/locust.runners: All users spawned: {"SoporteUser": 200} (200 total users)
[2026-09-21 21:11:39,839] DESKTOP-2G72T6F/INFO/locust.main: --run-time limit reached, shutting down
[2026-09-21 21:11:40,119] DESKTOP-2G72T6F/INFO/locust.main: Shutting down (exit code 0)
Type     Name                                                                          # reqs      # fails |    Avg     Min     Max    Med |   req/s  failures/s
--------|----------------------------------------------------------------------------|-------|-------------|-------|-------|-------|-------|--------|-----------
GET      [GET] /actuator/health                                                         14063     0(0.00%) |      4       2     198      4 |   23.47        0.00
GET      [GET] /api/soporte/election/status                                             14065     0(0.00%) |      4       1      33      4 |   23.47        0.00
GET      [GET] /api/soporte/tickets                                                     28365     0(0.00%) |      7       3     313      6 |   47.33        0.00
GET      [GET] /health                                                                  42640     0(0.00%) |      4       1      56      4 |   71.15        0.00
--------|----------------------------------------------------------------------------|-------|-------------|-------|-------|-------|-------|--------|-----------
         Aggregated                                                                     99133     0(0.00%) |      5       1     313      5 |  165.42        0.00

Response time percentiles (approximated)
Type     Name                                                                                  50%    66%    75%    80%    90%    95%    98%    99%  99.9% 99.99%   100% # reqs
--------|--------------------------------------------------------------------------------|--------|------|------|------|------|------|------|------|------|------|------|------
GET      [GET] /actuator/health                                                                  4      5      6      6      8      9     11     12     27     56    200  14063
GET      [GET] /api/soporte/election/status                                                      4      5      5      6      7      8     10     12     21     28     34  14065
GET      [GET] /api/soporte/tickets                                                              6      7      8      8     10     12     15     19     35    310    310  28365
GET      [GET] /health                                                                           4      4      5      6      7      8     10     11     21     40     56  42640
--------|--------------------------------------------------------------------------------|--------|------|------|------|------|------|------|------|------|------|------|------
         Aggregated                                                                              5      6      6      7      8     10     12     14     32     50    310  99133

